                                                                                                                               
                                                                                                                        
                                                                                                                        
                                                                                          
                              
                              

                                                                                     
                                                                                                                 
                                                                                                                                 
                                     BBBB                                                CCC                                                                C
                                    BBBBB                                               BBBBB                                                               C 
                                                                         CC           BBBBBBBBBB                                                            C
                          BBBBBBBBBBBBBBBBBBBB                                     BBBBBBBBBBBBBB                                                           C  
 C  C                  BBB   B     BB    B    BBBBBBBBBBBBB         BBBB   BBBBBBBBBBBBBBBBBBBBBB     BBBBB            BBBBB                                C          
 BBBBB               BB      B     BB    B    BBBBB         BBBBBBBB   B   BBBBBBBBBBBBBBBBBBBBBB     BBBBB       B                   BB   BB B             C                                                        
         HHH                                                            HHH                                                                                               
         HHH                                                            HHH                                                                                                              
         HHH                                                            HHH                                                                                                              